<?xml version="1.0" encoding="ISO-8859-1" ?>
<link_info>
   <banner>TI ARM Linker Unix v20.2.7.LTS</banner>
   <copyright>Copyright (c) 1996-2018 Texas Instruments Incorporated</copyright>
   <link_time>0x63867722</link_time>
   <link_errors>0x0</link_errors>
   <output_file>RTOS_FINAL.out</output_file>
   <entry_point>
      <name>_c_int00_noargs</name>
      <address>0x2f39</address>
   </entry_point>
   <input_file_list>
      <input_file id="fl-1">
         <path>./</path>
         <kind>object</kind>
         <file>clock.obj</file>
         <name>clock.obj</name>
      </input_file>
      <input_file id="fl-2">
         <path>./</path>
         <kind>object</kind>
         <file>gpio.obj</file>
         <name>gpio.obj</name>
      </input_file>
      <input_file id="fl-3">
         <path>./</path>
         <kind>object</kind>
         <file>mpu_asm.obj</file>
         <name>mpu_asm.obj</name>
      </input_file>
      <input_file id="fl-4">
         <path>./</path>
         <kind>object</kind>
         <file>rtos.obj</file>
         <name>rtos.obj</name>
      </input_file>
      <input_file id="fl-5">
         <path>./</path>
         <kind>object</kind>
         <file>shell.obj</file>
         <name>shell.obj</name>
      </input_file>
      <input_file id="fl-6">
         <path>./</path>
         <kind>object</kind>
         <file>tm4c123gh6pm_startup_ccs.obj</file>
         <name>tm4c123gh6pm_startup_ccs.obj</name>
      </input_file>
      <input_file id="fl-7">
         <path>./</path>
         <kind>object</kind>
         <file>uart0.obj</file>
         <name>uart0.obj</name>
      </input_file>
      <input_file id="fl-8">
         <path>./</path>
         <kind>object</kind>
         <file>utility.obj</file>
         <name>utility.obj</name>
      </input_file>
      <input_file id="fl-9">
         <path>./</path>
         <kind>object</kind>
         <file>wait.obj</file>
         <name>wait.obj</name>
      </input_file>
      <input_file id="fl-d">
         <kind>object</kind>
         <file>&lt;internal&gt;</file>
         <name>&lt;internal&gt;</name>
      </input_file>
      <input_file id="fl-c3">
         <path>/Applications/ti/ccs1110/ccs/tools/compiler/ti-cgt-arm_20.2.7.LTS/lib/</path>
         <kind>archive</kind>
         <file>rtsv7M4_T_le_v4SPD16_eabi.lib</file>
         <name>memcpy_t2.asm.obj</name>
      </input_file>
      <input_file id="fl-c4">
         <path>/Applications/ti/ccs1110/ccs/tools/compiler/ti-cgt-arm_20.2.7.LTS/lib/</path>
         <kind>archive</kind>
         <file>rtsv7M4_T_le_v4SPD16_eabi.lib</file>
         <name>copy_zero_init.c.obj</name>
      </input_file>
      <input_file id="fl-c5">
         <path>/Applications/ti/ccs1110/ccs/tools/compiler/ti-cgt-arm_20.2.7.LTS/lib/</path>
         <kind>archive</kind>
         <file>rtsv7M4_T_le_v4SPD16_eabi.lib</file>
         <name>copy_decompress_none.c.obj</name>
      </input_file>
      <input_file id="fl-c6">
         <path>/Applications/ti/ccs1110/ccs/tools/compiler/ti-cgt-arm_20.2.7.LTS/lib/</path>
         <kind>archive</kind>
         <file>rtsv7M4_T_le_v4SPD16_eabi.lib</file>
         <name>copy_decompress_lzss.c.obj</name>
      </input_file>
      <input_file id="fl-c7">
         <path>/Applications/ti/ccs1110/ccs/tools/compiler/ti-cgt-arm_20.2.7.LTS/lib/</path>
         <kind>archive</kind>
         <file>rtsv7M4_T_le_v4SPD16_eabi.lib</file>
         <name>boot_cortex_m.c.obj</name>
      </input_file>
      <input_file id="fl-c8">
         <path>/Applications/ti/ccs1110/ccs/tools/compiler/ti-cgt-arm_20.2.7.LTS/lib/</path>
         <kind>archive</kind>
         <file>rtsv7M4_T_le_v4SPD16_eabi.lib</file>
         <name>memset_t2.asm.obj</name>
      </input_file>
      <input_file id="fl-c9">
         <path>/Applications/ti/ccs1110/ccs/tools/compiler/ti-cgt-arm_20.2.7.LTS/lib/</path>
         <kind>archive</kind>
         <file>rtsv7M4_T_le_v4SPD16_eabi.lib</file>
         <name>autoinit.c.obj</name>
      </input_file>
      <input_file id="fl-ca">
         <path>/Applications/ti/ccs1110/ccs/tools/compiler/ti-cgt-arm_20.2.7.LTS/lib/</path>
         <kind>archive</kind>
         <file>rtsv7M4_T_le_v4SPD16_eabi.lib</file>
         <name>pre_init.c.obj</name>
      </input_file>
      <input_file id="fl-cb">
         <path>/Applications/ti/ccs1110/ccs/tools/compiler/ti-cgt-arm_20.2.7.LTS/lib/</path>
         <kind>archive</kind>
         <file>rtsv7M4_T_le_v4SPD16_eabi.lib</file>
         <name>cpy_tbl.c.obj</name>
      </input_file>
      <input_file id="fl-cc">
         <path>/Applications/ti/ccs1110/ccs/tools/compiler/ti-cgt-arm_20.2.7.LTS/lib/</path>
         <kind>archive</kind>
         <file>rtsv7M4_T_le_v4SPD16_eabi.lib</file>
         <name>exit.c.obj</name>
      </input_file>
      <input_file id="fl-cd">
         <path>/Applications/ti/ccs1110/ccs/tools/compiler/ti-cgt-arm_20.2.7.LTS/lib/</path>
         <kind>archive</kind>
         <file>rtsv7M4_T_le_v4SPD16_eabi.lib</file>
         <name>_lock.c.obj</name>
      </input_file>
      <input_file id="fl-ce">
         <path>/Applications/ti/ccs1110/ccs/tools/compiler/ti-cgt-arm_20.2.7.LTS/lib/</path>
         <kind>archive</kind>
         <file>rtsv7M4_T_le_v4SPD16_eabi.lib</file>
         <name>args_main.c.obj</name>
      </input_file>
   </input_file_list>
   <object_component_list>
      <object_component id="oc-12">
         <name>.intvecs</name>
         <load_address>0x0</load_address>
         <run_address>0x0</run_address>
         <size>0x26c</size>
         <input_file_ref idref="fl-6"/>
      </object_component>
      <object_component id="oc-2d">
         <name>.text</name>
         <load_address>0x26c</load_address>
         <run_address>0x26c</run_address>
         <size>0x1cdc</size>
         <input_file_ref idref="fl-4"/>
      </object_component>
      <object_component id="oc-93">
         <name>.text</name>
         <load_address>0x1f48</load_address>
         <run_address>0x1f48</run_address>
         <size>0x7e4</size>
         <input_file_ref idref="fl-2"/>
      </object_component>
      <object_component id="oc-9f">
         <name>.text</name>
         <load_address>0x272c</load_address>
         <run_address>0x272c</run_address>
         <size>0x238</size>
         <input_file_ref idref="fl-5"/>
      </object_component>
      <object_component id="oc-7a">
         <name>.text</name>
         <load_address>0x2964</load_address>
         <run_address>0x2964</run_address>
         <size>0x214</size>
         <input_file_ref idref="fl-8"/>
      </object_component>
      <object_component id="oc-80">
         <name>.text</name>
         <load_address>0x2b78</load_address>
         <run_address>0x2b78</run_address>
         <size>0x148</size>
         <input_file_ref idref="fl-3"/>
      </object_component>
      <object_component id="oc-74">
         <name>.text</name>
         <load_address>0x2cc0</load_address>
         <run_address>0x2cc0</run_address>
         <size>0x130</size>
         <input_file_ref idref="fl-7"/>
      </object_component>
      <object_component id="oc-41">
         <name>.text</name>
         <load_address>0x2df0</load_address>
         <run_address>0x2df0</run_address>
         <size>0x9c</size>
         <input_file_ref idref="fl-c3"/>
      </object_component>
      <object_component id="oc-15">
         <name>.text:decompress:lzss:__TI_decompress_lzss</name>
         <load_address>0x2e8c</load_address>
         <run_address>0x2e8c</run_address>
         <size>0x68</size>
         <input_file_ref idref="fl-c6"/>
      </object_component>
      <object_component id="oc-12c">
         <name>.text:__TI_auto_init_nobinit_nopinit:__TI_auto_init_nobinit_nopinit</name>
         <load_address>0x2ef4</load_address>
         <run_address>0x2ef4</run_address>
         <size>0x44</size>
         <input_file_ref idref="fl-c9"/>
      </object_component>
      <object_component id="oc-5f">
         <name>.text:_c_int00_noargs:_c_int00_noargs</name>
         <load_address>0x2f38</load_address>
         <run_address>0x2f38</run_address>
         <size>0x34</size>
         <input_file_ref idref="fl-c7"/>
      </object_component>
      <object_component id="oc-99">
         <name>.text</name>
         <load_address>0x2f6c</load_address>
         <run_address>0x2f6c</run_address>
         <size>0x24</size>
         <input_file_ref idref="fl-9"/>
      </object_component>
      <object_component id="oc-4d">
         <name>.text:decompress:ZI:__TI_zero_init_nomemset:__TI_zero_init_nomemset</name>
         <load_address>0x2f90</load_address>
         <run_address>0x2f90</run_address>
         <size>0x1c</size>
         <input_file_ref idref="fl-c4"/>
      </object_component>
      <object_component id="oc-8d">
         <name>.text</name>
         <load_address>0x2fac</load_address>
         <run_address>0x2fac</run_address>
         <size>0x10</size>
         <input_file_ref idref="fl-1"/>
      </object_component>
      <object_component id="oc-1b">
         <name>.text:decompress:none:__TI_decompress_none</name>
         <load_address>0x2fbc</load_address>
         <run_address>0x2fbc</run_address>
         <size>0xe</size>
         <input_file_ref idref="fl-c5"/>
      </object_component>
      <object_component id="oc-27">
         <name>.text</name>
         <load_address>0x2fca</load_address>
         <run_address>0x2fca</run_address>
         <size>0xa</size>
         <input_file_ref idref="fl-6"/>
      </object_component>
      <object_component id="oc-df">
         <name>.text:_system_pre_init</name>
         <load_address>0x2fd4</load_address>
         <run_address>0x2fd4</run_address>
         <size>0x4</size>
         <input_file_ref idref="fl-ca"/>
      </object_component>
      <object_component id="oc-120">
         <name>.text:abort:abort</name>
         <load_address>0x2fd8</load_address>
         <run_address>0x2fd8</run_address>
         <size>0x4</size>
         <input_file_ref idref="fl-cc"/>
      </object_component>
      <object_component id="oc-a5">
         <name>.const:$P$T0$4</name>
         <load_address>0x2fe0</load_address>
         <run_address>0x2fe0</run_address>
         <size>0x140</size>
         <input_file_ref idref="fl-4"/>
      </object_component>
      <object_component id="oc-f3">
         <name>.const:.string:$P$T0$1</name>
         <load_address>0x3120</load_address>
         <run_address>0x3120</run_address>
         <size>0x10</size>
         <input_file_ref idref="fl-8"/>
      </object_component>
      <object_component id="oc-1e5">
         <name>.cinit..data.load</name>
         <load_address>0x3130</load_address>
         <run_address>0x3130</run_address>
         <size>0x14</size>
      </object_component>
      <object_component id="oc-1e3">
         <name>__TI_handler_table</name>
         <load_address>0x3144</load_address>
         <run_address>0x3144</run_address>
         <size>0xc</size>
      </object_component>
      <object_component id="oc-1e6">
         <name>.cinit..bss.load</name>
         <load_address>0x3150</load_address>
         <run_address>0x3150</run_address>
         <size>0x8</size>
      </object_component>
      <object_component id="oc-1e4">
         <name>__TI_cinit_table</name>
         <load_address>0x3158</load_address>
         <run_address>0x3158</run_address>
         <size>0x10</size>
      </object_component>
      <object_component id="oc-85">
         <name>.data</name>
         <load_address>0x20000580</load_address>
         <run_address>0x20000580</run_address>
         <size>0x10</size>
         <input_file_ref idref="fl-4"/>
      </object_component>
      <object_component id="oc-8b">
         <name>.bss:priority$2</name>
         <uninitialized>true</uninitialized>
         <run_address>0x20000378</run_address>
         <size>0x8</size>
         <input_file_ref idref="fl-4"/>
      </object_component>
      <object_component id="oc-8c">
         <name>.common:semaphores</name>
         <uninitialized>true</uninitialized>
         <run_address>0x20000300</run_address>
         <size>0x78</size>
      </object_component>
      <object_component id="oc-88">
         <name>.common:tcb</name>
         <uninitialized>true</uninitialized>
         <run_address>0x20000000</run_address>
         <size>0x300</size>
      </object_component>
      <object_component id="oc-24">
         <name>.stack</name>
         <uninitialized>true</uninitialized>
         <run_address>0x20000380</run_address>
         <size>0x4</size>
         <input_file_ref idref="fl-c7"/>
      </object_component>
      <object_component id="oc-1e8">
         <name>.stack</name>
         <uninitialized>true</uninitialized>
         <run_address>0x20000380</run_address>
         <size>0x0</size>
      </object_component>
      <object_component id="oc-10f">
         <name>.debug_info</name>
         <load_address>0x0</load_address>
         <run_address>0x0</run_address>
         <size>0x279</size>
         <input_file_ref idref="fl-1"/>
      </object_component>
      <object_component id="oc-8e">
         <name>.debug_info</name>
         <load_address>0x279</load_address>
         <run_address>0x279</run_address>
         <size>0x136</size>
         <input_file_ref idref="fl-1"/>
      </object_component>
      <object_component id="oc-bf">
         <name>.debug_info</name>
         <load_address>0x3af</load_address>
         <run_address>0x3af</run_address>
         <size>0x26b</size>
         <input_file_ref idref="fl-1"/>
      </object_component>
      <object_component id="oc-3c">
         <name>.debug_info</name>
         <load_address>0x61a</load_address>
         <run_address>0x61a</run_address>
         <size>0x84</size>
         <input_file_ref idref="fl-1"/>
      </object_component>
      <object_component id="oc-10a">
         <name>.debug_info</name>
         <load_address>0x69e</load_address>
         <run_address>0x69e</run_address>
         <size>0x2a4</size>
         <input_file_ref idref="fl-1"/>
      </object_component>
      <object_component id="oc-a9">
         <name>.debug_info</name>
         <load_address>0x942</load_address>
         <run_address>0x942</run_address>
         <size>0xbb</size>
         <input_file_ref idref="fl-1"/>
      </object_component>
      <object_component id="oc-104">
         <name>.debug_info</name>
         <load_address>0x9fd</load_address>
         <run_address>0x9fd</run_address>
         <size>0x27e</size>
         <input_file_ref idref="fl-2"/>
      </object_component>
      <object_component id="oc-94">
         <name>.debug_info</name>
         <load_address>0xc7b</load_address>
         <run_address>0xc7b</run_address>
         <size>0x1064</size>
         <input_file_ref idref="fl-2"/>
      </object_component>
      <object_component id="oc-fd">
         <name>.debug_info</name>
         <load_address>0x1cdf</load_address>
         <run_address>0x1cdf</run_address>
         <size>0x88</size>
         <input_file_ref idref="fl-2"/>
      </object_component>
      <object_component id="oc-ae">
         <name>.debug_info</name>
         <load_address>0x1d67</load_address>
         <run_address>0x1d67</run_address>
         <size>0x8b</size>
         <input_file_ref idref="fl-2"/>
      </object_component>
      <object_component id="oc-81">
         <name>.debug_info</name>
         <load_address>0x1df2</load_address>
         <run_address>0x1df2</run_address>
         <size>0x1bf</size>
         <input_file_ref idref="fl-3"/>
      </object_component>
      <object_component id="oc-89">
         <name>.debug_info</name>
         <load_address>0x1fb1</load_address>
         <run_address>0x1fb1</run_address>
         <size>0x9a8</size>
         <input_file_ref idref="fl-4"/>
      </object_component>
      <object_component id="oc-86">
         <name>.debug_info</name>
         <load_address>0x2959</load_address>
         <run_address>0x2959</run_address>
         <size>0x19c</size>
         <input_file_ref idref="fl-4"/>
      </object_component>
      <object_component id="oc-a6">
         <name>.debug_info</name>
         <load_address>0x2af5</load_address>
         <run_address>0x2af5</run_address>
         <size>0xeb</size>
         <input_file_ref idref="fl-4"/>
      </object_component>
      <object_component id="oc-2e">
         <name>.debug_info</name>
         <load_address>0x2be0</load_address>
         <run_address>0x2be0</run_address>
         <size>0x2957</size>
         <input_file_ref idref="fl-4"/>
      </object_component>
      <object_component id="oc-b3">
         <name>.debug_info</name>
         <load_address>0x5537</load_address>
         <run_address>0x5537</run_address>
         <size>0x1ec</size>
         <input_file_ref idref="fl-4"/>
      </object_component>
      <object_component id="oc-b8">
         <name>.debug_info</name>
         <load_address>0x5723</load_address>
         <run_address>0x5723</run_address>
         <size>0x9e</size>
         <input_file_ref idref="fl-4"/>
      </object_component>
      <object_component id="oc-107">
         <name>.debug_info</name>
         <load_address>0x57c1</load_address>
         <run_address>0x57c1</run_address>
         <size>0x321</size>
         <input_file_ref idref="fl-5"/>
      </object_component>
      <object_component id="oc-a0">
         <name>.debug_info</name>
         <load_address>0x5ae2</load_address>
         <run_address>0x5ae2</run_address>
         <size>0x4cf</size>
         <input_file_ref idref="fl-5"/>
      </object_component>
      <object_component id="oc-35">
         <name>.debug_info</name>
         <load_address>0x5fb1</load_address>
         <run_address>0x5fb1</run_address>
         <size>0x398</size>
         <input_file_ref idref="fl-6"/>
      </object_component>
      <object_component id="oc-13">
         <name>.debug_info</name>
         <load_address>0x6349</load_address>
         <run_address>0x6349</run_address>
         <size>0x109</size>
         <input_file_ref idref="fl-6"/>
      </object_component>
      <object_component id="oc-28">
         <name>.debug_info</name>
         <load_address>0x6452</load_address>
         <run_address>0x6452</run_address>
         <size>0x223</size>
         <input_file_ref idref="fl-6"/>
      </object_component>
      <object_component id="oc-f2">
         <name>.debug_info</name>
         <load_address>0x6675</load_address>
         <run_address>0x6675</run_address>
         <size>0x381</size>
         <input_file_ref idref="fl-7"/>
      </object_component>
      <object_component id="oc-75">
         <name>.debug_info</name>
         <load_address>0x69f6</load_address>
         <run_address>0x69f6</run_address>
         <size>0x3f1</size>
         <input_file_ref idref="fl-7"/>
      </object_component>
      <object_component id="oc-f7">
         <name>.debug_info</name>
         <load_address>0x6de7</load_address>
         <run_address>0x6de7</run_address>
         <size>0x304</size>
         <input_file_ref idref="fl-8"/>
      </object_component>
      <object_component id="oc-f4">
         <name>.debug_info</name>
         <load_address>0x70eb</load_address>
         <run_address>0x70eb</run_address>
         <size>0xed</size>
         <input_file_ref idref="fl-8"/>
      </object_component>
      <object_component id="oc-7b">
         <name>.debug_info</name>
         <load_address>0x71d8</load_address>
         <run_address>0x71d8</run_address>
         <size>0x48d</size>
         <input_file_ref idref="fl-8"/>
      </object_component>
      <object_component id="oc-9a">
         <name>.debug_info</name>
         <load_address>0x7665</load_address>
         <run_address>0x7665</run_address>
         <size>0x140</size>
         <input_file_ref idref="fl-9"/>
      </object_component>
      <object_component id="oc-44">
         <name>.debug_info</name>
         <load_address>0x77a5</load_address>
         <run_address>0x77a5</run_address>
         <size>0x119</size>
         <input_file_ref idref="fl-c3"/>
      </object_component>
      <object_component id="oc-d8">
         <name>.debug_info</name>
         <load_address>0x78be</load_address>
         <run_address>0x78be</run_address>
         <size>0x2d4</size>
         <input_file_ref idref="fl-c4"/>
      </object_component>
      <object_component id="oc-4e">
         <name>.debug_info</name>
         <load_address>0x7b92</load_address>
         <run_address>0x7b92</run_address>
         <size>0x1d2</size>
         <input_file_ref idref="fl-c4"/>
      </object_component>
      <object_component id="oc-d3">
         <name>.debug_info</name>
         <load_address>0x7d64</load_address>
         <run_address>0x7d64</run_address>
         <size>0x46</size>
         <input_file_ref idref="fl-c4"/>
      </object_component>
      <object_component id="oc-117">
         <name>.debug_info</name>
         <load_address>0x7daa</load_address>
         <run_address>0x7daa</run_address>
         <size>0x2c</size>
         <input_file_ref idref="fl-c4"/>
      </object_component>
      <object_component id="oc-4c">
         <name>.debug_info</name>
         <load_address>0x7dd6</load_address>
         <run_address>0x7dd6</run_address>
         <size>0x2a8</size>
         <input_file_ref idref="fl-c5"/>
      </object_component>
      <object_component id="oc-1d">
         <name>.debug_info</name>
         <load_address>0x807e</load_address>
         <run_address>0x807e</run_address>
         <size>0x1ea</size>
         <input_file_ref idref="fl-c5"/>
      </object_component>
      <object_component id="oc-47">
         <name>.debug_info</name>
         <load_address>0x8268</load_address>
         <run_address>0x8268</run_address>
         <size>0x46</size>
         <input_file_ref idref="fl-c5"/>
      </object_component>
      <object_component id="oc-cb">
         <name>.debug_info</name>
         <load_address>0x82ae</load_address>
         <run_address>0x82ae</run_address>
         <size>0x2c</size>
         <input_file_ref idref="fl-c5"/>
      </object_component>
      <object_component id="oc-c9">
         <name>.debug_info</name>
         <load_address>0x82da</load_address>
         <run_address>0x82da</run_address>
         <size>0x29e</size>
         <input_file_ref idref="fl-c6"/>
      </object_component>
      <object_component id="oc-16">
         <name>.debug_info</name>
         <load_address>0x8578</load_address>
         <run_address>0x8578</run_address>
         <size>0x250</size>
         <input_file_ref idref="fl-c6"/>
      </object_component>
      <object_component id="oc-37">
         <name>.debug_info</name>
         <load_address>0x87c8</load_address>
         <run_address>0x87c8</run_address>
         <size>0x60</size>
         <input_file_ref idref="fl-c6"/>
      </object_component>
      <object_component id="oc-110">
         <name>.debug_info</name>
         <load_address>0x8828</load_address>
         <run_address>0x8828</run_address>
         <size>0x46</size>
         <input_file_ref idref="fl-c6"/>
      </object_component>
      <object_component id="oc-c4">
         <name>.debug_info</name>
         <load_address>0x886e</load_address>
         <run_address>0x886e</run_address>
         <size>0x39</size>
         <input_file_ref idref="fl-c6"/>
      </object_component>
      <object_component id="oc-25">
         <name>.debug_info</name>
         <load_address>0x88a7</load_address>
         <run_address>0x88a7</run_address>
         <size>0x10b</size>
         <input_file_ref idref="fl-c7"/>
      </object_component>
      <object_component id="oc-61">
         <name>.debug_info</name>
         <load_address>0x89b2</load_address>
         <run_address>0x89b2</run_address>
         <size>0x1a9</size>
         <input_file_ref idref="fl-c7"/>
      </object_component>
      <object_component id="oc-175">
         <name>.debug_info</name>
         <load_address>0x8b5b</load_address>
         <run_address>0x8b5b</run_address>
         <size>0x4b3</size>
         <input_file_ref idref="fl-c9"/>
      </object_component>
      <object_component id="oc-12d">
         <name>.debug_info</name>
         <load_address>0x900e</load_address>
         <run_address>0x900e</run_address>
         <size>0x1a6</size>
         <input_file_ref idref="fl-c9"/>
      </object_component>
      <object_component id="oc-19a">
         <name>.debug_info</name>
         <load_address>0x91b4</load_address>
         <run_address>0x91b4</run_address>
         <size>0x39</size>
         <input_file_ref idref="fl-c9"/>
      </object_component>
      <object_component id="oc-1ae">
         <name>.debug_info</name>
         <load_address>0x91ed</load_address>
         <run_address>0x91ed</run_address>
         <size>0x39</size>
         <input_file_ref idref="fl-c9"/>
      </object_component>
      <object_component id="oc-19f">
         <name>.debug_info</name>
         <load_address>0x9226</load_address>
         <run_address>0x9226</run_address>
         <size>0x39</size>
         <input_file_ref idref="fl-c9"/>
      </object_component>
      <object_component id="oc-1a4">
         <name>.debug_info</name>
         <load_address>0x925f</load_address>
         <run_address>0x925f</run_address>
         <size>0xcd</size>
         <input_file_ref idref="fl-c9"/>
      </object_component>
      <object_component id="oc-e0">
         <name>.debug_info</name>
         <load_address>0x932c</load_address>
         <run_address>0x932c</run_address>
         <size>0x153</size>
         <input_file_ref idref="fl-ca"/>
      </object_component>
      <object_component id="oc-122">
         <name>.debug_info</name>
         <load_address>0x947f</load_address>
         <run_address>0x947f</run_address>
         <size>0x122</size>
         <input_file_ref idref="fl-cc"/>
      </object_component>
      <object_component id="oc-1e9">
         <name>.debug_info</name>
         <load_address>0x95a1</load_address>
         <run_address>0x95a1</run_address>
         <size>0xbc</size>
      </object_component>
      <object_component id="oc-169">
         <name>.debug_line</name>
         <load_address>0x0</load_address>
         <run_address>0x0</run_address>
         <size>0x20</size>
         <input_file_ref idref="fl-1"/>
      </object_component>
      <object_component id="oc-91">
         <name>.debug_line</name>
         <load_address>0x20</load_address>
         <run_address>0x20</run_address>
         <size>0x43</size>
         <input_file_ref idref="fl-1"/>
      </object_component>
      <object_component id="oc-c2">
         <name>.debug_line</name>
         <load_address>0x63</load_address>
         <run_address>0x63</run_address>
         <size>0x7a</size>
         <input_file_ref idref="fl-1"/>
      </object_component>
      <object_component id="oc-3f">
         <name>.debug_line</name>
         <load_address>0xdd</load_address>
         <run_address>0xdd</run_address>
         <size>0x20</size>
         <input_file_ref idref="fl-1"/>
      </object_component>
      <object_component id="oc-10d">
         <name>.debug_line</name>
         <load_address>0xfd</load_address>
         <run_address>0xfd</run_address>
         <size>0x7e</size>
         <input_file_ref idref="fl-1"/>
      </object_component>
      <object_component id="oc-ac">
         <name>.debug_line</name>
         <load_address>0x17b</load_address>
         <run_address>0x17b</run_address>
         <size>0x7b</size>
         <input_file_ref idref="fl-1"/>
      </object_component>
      <object_component id="oc-165">
         <name>.debug_line</name>
         <load_address>0x1f6</load_address>
         <run_address>0x1f6</run_address>
         <size>0x20</size>
         <input_file_ref idref="fl-2"/>
      </object_component>
      <object_component id="oc-97">
         <name>.debug_line</name>
         <load_address>0x216</load_address>
         <run_address>0x216</run_address>
         <size>0x3b8</size>
         <input_file_ref idref="fl-2"/>
      </object_component>
      <object_component id="oc-100">
         <name>.debug_line</name>
         <load_address>0x5ce</load_address>
         <run_address>0x5ce</run_address>
         <size>0x2d</size>
         <input_file_ref idref="fl-2"/>
      </object_component>
      <object_component id="oc-b1">
         <name>.debug_line</name>
         <load_address>0x5fb</load_address>
         <run_address>0x5fb</run_address>
         <size>0x20</size>
         <input_file_ref idref="fl-2"/>
      </object_component>
      <object_component id="oc-84">
         <name>.debug_line</name>
         <load_address>0x61b</load_address>
         <run_address>0x61b</run_address>
         <size>0xa5</size>
         <input_file_ref idref="fl-3"/>
      </object_component>
      <object_component id="oc-fc">
         <name>.debug_line</name>
         <load_address>0x6c0</load_address>
         <run_address>0x6c0</run_address>
         <size>0x81</size>
         <input_file_ref idref="fl-4"/>
      </object_component>
      <object_component id="oc-fa">
         <name>.debug_line</name>
         <load_address>0x741</load_address>
         <run_address>0x741</run_address>
         <size>0x2d</size>
         <input_file_ref idref="fl-4"/>
      </object_component>
      <object_component id="oc-109">
         <name>.debug_line</name>
         <load_address>0x76e</load_address>
         <run_address>0x76e</run_address>
         <size>0x2d</size>
         <input_file_ref idref="fl-4"/>
      </object_component>
      <object_component id="oc-31">
         <name>.debug_line</name>
         <load_address>0x79b</load_address>
         <run_address>0x79b</run_address>
         <size>0xcf4</size>
         <input_file_ref idref="fl-4"/>
      </object_component>
      <object_component id="oc-b6">
         <name>.debug_line</name>
         <load_address>0x148f</load_address>
         <run_address>0x148f</run_address>
         <size>0x2d</size>
         <input_file_ref idref="fl-4"/>
      </object_component>
      <object_component id="oc-bb">
         <name>.debug_line</name>
         <load_address>0x14bc</load_address>
         <run_address>0x14bc</run_address>
         <size>0x2e</size>
         <input_file_ref idref="fl-4"/>
      </object_component>
      <object_component id="oc-167">
         <name>.debug_line</name>
         <load_address>0x14ea</load_address>
         <run_address>0x14ea</run_address>
         <size>0x3e</size>
         <input_file_ref idref="fl-5"/>
      </object_component>
      <object_component id="oc-a3">
         <name>.debug_line</name>
         <load_address>0x1528</load_address>
         <run_address>0x1528</run_address>
         <size>0x145</size>
         <input_file_ref idref="fl-5"/>
      </object_component>
      <object_component id="oc-be">
         <name>.debug_line</name>
         <load_address>0x166d</load_address>
         <run_address>0x166d</run_address>
         <size>0x41</size>
         <input_file_ref idref="fl-6"/>
      </object_component>
      <object_component id="oc-34">
         <name>.debug_line</name>
         <load_address>0x16ae</load_address>
         <run_address>0x16ae</run_address>
         <size>0x41</size>
         <input_file_ref idref="fl-6"/>
      </object_component>
      <object_component id="oc-2b">
         <name>.debug_line</name>
         <load_address>0x16ef</load_address>
         <run_address>0x16ef</run_address>
         <size>0x89</size>
         <input_file_ref idref="fl-6"/>
      </object_component>
      <object_component id="oc-15f">
         <name>.debug_line</name>
         <load_address>0x1778</load_address>
         <run_address>0x1778</run_address>
         <size>0x3b</size>
         <input_file_ref idref="fl-7"/>
      </object_component>
      <object_component id="oc-78">
         <name>.debug_line</name>
         <load_address>0x17b3</load_address>
         <run_address>0x17b3</run_address>
         <size>0xec</size>
         <input_file_ref idref="fl-7"/>
      </object_component>
      <object_component id="oc-163">
         <name>.debug_line</name>
         <load_address>0x189f</load_address>
         <run_address>0x189f</run_address>
         <size>0x2e</size>
         <input_file_ref idref="fl-8"/>
      </object_component>
      <object_component id="oc-161">
         <name>.debug_line</name>
         <load_address>0x18cd</load_address>
         <run_address>0x18cd</run_address>
         <size>0x30</size>
         <input_file_ref idref="fl-8"/>
      </object_component>
      <object_component id="oc-7e">
         <name>.debug_line</name>
         <load_address>0x18fd</load_address>
         <run_address>0x18fd</run_address>
         <size>0x12a</size>
         <input_file_ref idref="fl-8"/>
      </object_component>
      <object_component id="oc-9d">
         <name>.debug_line</name>
         <load_address>0x1a27</load_address>
         <run_address>0x1a27</run_address>
         <size>0x52</size>
         <input_file_ref idref="fl-9"/>
      </object_component>
      <object_component id="oc-43">
         <name>.debug_line</name>
         <load_address>0x1a79</load_address>
         <run_address>0x1a79</run_address>
         <size>0x88</size>
         <input_file_ref idref="fl-c3"/>
      </object_component>
      <object_component id="oc-11d">
         <name>.debug_line</name>
         <load_address>0x1b01</load_address>
         <run_address>0x1b01</run_address>
         <size>0x92</size>
         <input_file_ref idref="fl-c4"/>
      </object_component>
      <object_component id="oc-52">
         <name>.debug_line</name>
         <load_address>0x1b93</load_address>
         <run_address>0x1b93</run_address>
         <size>0x4c</size>
         <input_file_ref idref="fl-c4"/>
      </object_component>
      <object_component id="oc-d6">
         <name>.debug_line</name>
         <load_address>0x1bdf</load_address>
         <run_address>0x1bdf</run_address>
         <size>0x34</size>
         <input_file_ref idref="fl-c4"/>
      </object_component>
      <object_component id="oc-11a">
         <name>.debug_line</name>
         <load_address>0x1c13</load_address>
         <run_address>0x1c13</run_address>
         <size>0x92</size>
         <input_file_ref idref="fl-c4"/>
      </object_component>
      <object_component id="oc-d1">
         <name>.debug_line</name>
         <load_address>0x1ca5</load_address>
         <run_address>0x1ca5</run_address>
         <size>0x20</size>
         <input_file_ref idref="fl-c5"/>
      </object_component>
      <object_component id="oc-20">
         <name>.debug_line</name>
         <load_address>0x1cc5</load_address>
         <run_address>0x1cc5</run_address>
         <size>0x55</size>
         <input_file_ref idref="fl-c5"/>
      </object_component>
      <object_component id="oc-4a">
         <name>.debug_line</name>
         <load_address>0x1d1a</load_address>
         <run_address>0x1d1a</run_address>
         <size>0x3a</size>
         <input_file_ref idref="fl-c5"/>
      </object_component>
      <object_component id="oc-ce">
         <name>.debug_line</name>
         <load_address>0x1d54</load_address>
         <run_address>0x1d54</run_address>
         <size>0x92</size>
         <input_file_ref idref="fl-c5"/>
      </object_component>
      <object_component id="oc-116">
         <name>.debug_line</name>
         <load_address>0x1de6</load_address>
         <run_address>0x1de6</run_address>
         <size>0x20</size>
         <input_file_ref idref="fl-c6"/>
      </object_component>
      <object_component id="oc-1a">
         <name>.debug_line</name>
         <load_address>0x1e06</load_address>
         <run_address>0x1e06</run_address>
         <size>0xa9</size>
         <input_file_ref idref="fl-c6"/>
      </object_component>
      <object_component id="oc-3a">
         <name>.debug_line</name>
         <load_address>0x1eaf</load_address>
         <run_address>0x1eaf</run_address>
         <size>0x3a</size>
         <input_file_ref idref="fl-c6"/>
      </object_component>
      <object_component id="oc-113">
         <name>.debug_line</name>
         <load_address>0x1ee9</load_address>
         <run_address>0x1ee9</run_address>
         <size>0x9a</size>
         <input_file_ref idref="fl-c6"/>
      </object_component>
      <object_component id="oc-c7">
         <name>.debug_line</name>
         <load_address>0x1f83</load_address>
         <run_address>0x1f83</run_address>
         <size>0x96</size>
         <input_file_ref idref="fl-c6"/>
      </object_component>
      <object_component id="oc-72">
         <name>.debug_line</name>
         <load_address>0x2019</load_address>
         <run_address>0x2019</run_address>
         <size>0x33</size>
         <input_file_ref idref="fl-c7"/>
      </object_component>
      <object_component id="oc-64">
         <name>.debug_line</name>
         <load_address>0x204c</load_address>
         <run_address>0x204c</run_address>
         <size>0x45</size>
         <input_file_ref idref="fl-c7"/>
      </object_component>
      <object_component id="oc-199">
         <name>.debug_line</name>
         <load_address>0x2091</load_address>
         <run_address>0x2091</run_address>
         <size>0xbf</size>
         <input_file_ref idref="fl-c9"/>
      </object_component>
      <object_component id="oc-130">
         <name>.debug_line</name>
         <load_address>0x2150</load_address>
         <run_address>0x2150</run_address>
         <size>0x6f</size>
         <input_file_ref idref="fl-c9"/>
      </object_component>
      <object_component id="oc-19d">
         <name>.debug_line</name>
         <load_address>0x21bf</load_address>
         <run_address>0x21bf</run_address>
         <size>0x2e</size>
         <input_file_ref idref="fl-c9"/>
      </object_component>
      <object_component id="oc-1b1">
         <name>.debug_line</name>
         <load_address>0x21ed</load_address>
         <run_address>0x21ed</run_address>
         <size>0x9a</size>
         <input_file_ref idref="fl-c9"/>
      </object_component>
      <object_component id="oc-1a2">
         <name>.debug_line</name>
         <load_address>0x2287</load_address>
         <run_address>0x2287</run_address>
         <size>0x97</size>
         <input_file_ref idref="fl-c9"/>
      </object_component>
      <object_component id="oc-1a7">
         <name>.debug_line</name>
         <load_address>0x231e</load_address>
         <run_address>0x231e</run_address>
         <size>0x93</size>
         <input_file_ref idref="fl-c9"/>
      </object_component>
      <object_component id="oc-e3">
         <name>.debug_line</name>
         <load_address>0x23b1</load_address>
         <run_address>0x23b1</run_address>
         <size>0x40</size>
         <input_file_ref idref="fl-ca"/>
      </object_component>
      <object_component id="oc-121">
         <name>.debug_line</name>
         <load_address>0x23f1</load_address>
         <run_address>0x23f1</run_address>
         <size>0x3c</size>
         <input_file_ref idref="fl-cc"/>
      </object_component>
      <object_component id="oc-92">
         <name>.debug_frame</name>
         <load_address>0x0</load_address>
         <run_address>0x0</run_address>
         <size>0x54</size>
         <input_file_ref idref="fl-1"/>
      </object_component>
      <object_component id="oc-98">
         <name>.debug_frame</name>
         <load_address>0x54</load_address>
         <run_address>0x54</run_address>
         <size>0x28c</size>
         <input_file_ref idref="fl-2"/>
      </object_component>
      <object_component id="oc-32">
         <name>.debug_frame</name>
         <load_address>0x2e0</load_address>
         <run_address>0x2e0</run_address>
         <size>0x4e4</size>
         <input_file_ref idref="fl-4"/>
      </object_component>
      <object_component id="oc-a4">
         <name>.debug_frame</name>
         <load_address>0x7c4</load_address>
         <run_address>0x7c4</run_address>
         <size>0xc8</size>
         <input_file_ref idref="fl-5"/>
      </object_component>
      <object_component id="oc-2c">
         <name>.debug_frame</name>
         <load_address>0x88c</load_address>
         <run_address>0x88c</run_address>
         <size>0x7c</size>
         <input_file_ref idref="fl-6"/>
      </object_component>
      <object_component id="oc-79">
         <name>.debug_frame</name>
         <load_address>0x908</load_address>
         <run_address>0x908</run_address>
         <size>0xd0</size>
         <input_file_ref idref="fl-7"/>
      </object_component>
      <object_component id="oc-7f">
         <name>.debug_frame</name>
         <load_address>0x9d8</load_address>
         <run_address>0x9d8</run_address>
         <size>0xc8</size>
         <input_file_ref idref="fl-8"/>
      </object_component>
      <object_component id="oc-9e">
         <name>.debug_frame</name>
         <load_address>0xaa0</load_address>
         <run_address>0xaa0</run_address>
         <size>0x58</size>
         <input_file_ref idref="fl-9"/>
      </object_component>
      <object_component id="oc-51">
         <name>.debug_frame</name>
         <load_address>0xaf8</load_address>
         <run_address>0xaf8</run_address>
         <size>0x54</size>
         <input_file_ref idref="fl-c4"/>
      </object_component>
      <object_component id="oc-1c">
         <name>.debug_frame</name>
         <load_address>0xb4c</load_address>
         <run_address>0xb4c</run_address>
         <size>0x54</size>
         <input_file_ref idref="fl-c5"/>
      </object_component>
      <object_component id="oc-19">
         <name>.debug_frame</name>
         <load_address>0xba0</load_address>
         <run_address>0xba0</run_address>
         <size>0x60</size>
         <input_file_ref idref="fl-c6"/>
      </object_component>
      <object_component id="oc-60">
         <name>.debug_frame</name>
         <load_address>0xc00</load_address>
         <run_address>0xc00</run_address>
         <size>0x50</size>
         <input_file_ref idref="fl-c7"/>
      </object_component>
      <object_component id="oc-131">
         <name>.debug_frame</name>
         <load_address>0xc50</load_address>
         <run_address>0xc50</run_address>
         <size>0x5c</size>
         <input_file_ref idref="fl-c9"/>
      </object_component>
      <object_component id="oc-e4">
         <name>.debug_frame</name>
         <load_address>0xcac</load_address>
         <run_address>0xcac</run_address>
         <size>0x54</size>
         <input_file_ref idref="fl-ca"/>
      </object_component>
      <object_component id="oc-125">
         <name>.debug_frame</name>
         <load_address>0xd00</load_address>
         <run_address>0xd00</run_address>
         <size>0x54</size>
         <input_file_ref idref="fl-cc"/>
      </object_component>
      <object_component id="oc-168">
         <name>.debug_abbrev</name>
         <load_address>0x0</load_address>
         <run_address>0x0</run_address>
         <size>0x27</size>
         <input_file_ref idref="fl-1"/>
      </object_component>
      <object_component id="oc-102">
         <name>.debug_abbrev</name>
         <load_address>0x27</load_address>
         <run_address>0x27</run_address>
         <size>0x50</size>
         <input_file_ref idref="fl-1"/>
      </object_component>
      <object_component id="oc-c1">
         <name>.debug_abbrev</name>
         <load_address>0x77</load_address>
         <run_address>0x77</run_address>
         <size>0x69</size>
         <input_file_ref idref="fl-1"/>
      </object_component>
      <object_component id="oc-3e">
         <name>.debug_abbrev</name>
         <load_address>0xe0</load_address>
         <run_address>0xe0</run_address>
         <size>0x1f</size>
         <input_file_ref idref="fl-1"/>
      </object_component>
      <object_component id="oc-10c">
         <name>.debug_abbrev</name>
         <load_address>0xff</load_address>
         <run_address>0xff</run_address>
         <size>0x5c</size>
         <input_file_ref idref="fl-1"/>
      </object_component>
      <object_component id="oc-ab">
         <name>.debug_abbrev</name>
         <load_address>0x15b</load_address>
         <run_address>0x15b</run_address>
         <size>0x24</size>
         <input_file_ref idref="fl-1"/>
      </object_component>
      <object_component id="oc-164">
         <name>.debug_abbrev</name>
         <load_address>0x17f</load_address>
         <run_address>0x17f</run_address>
         <size>0x27</size>
         <input_file_ref idref="fl-2"/>
      </object_component>
      <object_component id="oc-103">
         <name>.debug_abbrev</name>
         <load_address>0x1a6</load_address>
         <run_address>0x1a6</run_address>
         <size>0xf5</size>
         <input_file_ref idref="fl-2"/>
      </object_component>
      <object_component id="oc-ff">
         <name>.debug_abbrev</name>
         <load_address>0x29b</load_address>
         <run_address>0x29b</run_address>
         <size>0x44</size>
         <input_file_ref idref="fl-2"/>
      </object_component>
      <object_component id="oc-b0">
         <name>.debug_abbrev</name>
         <load_address>0x2df</load_address>
         <run_address>0x2df</run_address>
         <size>0x1f</size>
         <input_file_ref idref="fl-2"/>
      </object_component>
      <object_component id="oc-f8">
         <name>.debug_abbrev</name>
         <load_address>0x2fe</load_address>
         <run_address>0x2fe</run_address>
         <size>0x35</size>
         <input_file_ref idref="fl-3"/>
      </object_component>
      <object_component id="oc-fb">
         <name>.debug_abbrev</name>
         <load_address>0x333</load_address>
         <run_address>0x333</run_address>
         <size>0x116</size>
         <input_file_ref idref="fl-4"/>
      </object_component>
      <object_component id="oc-f9">
         <name>.debug_abbrev</name>
         <load_address>0x449</load_address>
         <run_address>0x449</run_address>
         <size>0x29</size>
         <input_file_ref idref="fl-4"/>
      </object_component>
      <object_component id="oc-108">
         <name>.debug_abbrev</name>
         <load_address>0x472</load_address>
         <run_address>0x472</run_address>
         <size>0x27</size>
         <input_file_ref idref="fl-4"/>
      </object_component>
      <object_component id="oc-a8">
         <name>.debug_abbrev</name>
         <load_address>0x499</load_address>
         <run_address>0x499</run_address>
         <size>0x179</size>
         <input_file_ref idref="fl-4"/>
      </object_component>
      <object_component id="oc-b5">
         <name>.debug_abbrev</name>
         <load_address>0x612</load_address>
         <run_address>0x612</run_address>
         <size>0x5c</size>
         <input_file_ref idref="fl-4"/>
      </object_component>
      <object_component id="oc-ba">
         <name>.debug_abbrev</name>
         <load_address>0x66e</load_address>
         <run_address>0x66e</run_address>
         <size>0x4b</size>
         <input_file_ref idref="fl-4"/>
      </object_component>
      <object_component id="oc-166">
         <name>.debug_abbrev</name>
         <load_address>0x6b9</load_address>
         <run_address>0x6b9</run_address>
         <size>0x80</size>
         <input_file_ref idref="fl-5"/>
      </object_component>
      <object_component id="oc-106">
         <name>.debug_abbrev</name>
         <load_address>0x739</load_address>
         <run_address>0x739</run_address>
         <size>0xb4</size>
         <input_file_ref idref="fl-5"/>
      </object_component>
      <object_component id="oc-bd">
         <name>.debug_abbrev</name>
         <load_address>0x7ed</load_address>
         <run_address>0x7ed</run_address>
         <size>0x7c</size>
         <input_file_ref idref="fl-6"/>
      </object_component>
      <object_component id="oc-33">
         <name>.debug_abbrev</name>
         <load_address>0x869</load_address>
         <run_address>0x869</run_address>
         <size>0x29</size>
         <input_file_ref idref="fl-6"/>
      </object_component>
      <object_component id="oc-73">
         <name>.debug_abbrev</name>
         <load_address>0x892</load_address>
         <run_address>0x892</run_address>
         <size>0x79</size>
         <input_file_ref idref="fl-6"/>
      </object_component>
      <object_component id="oc-15e">
         <name>.debug_abbrev</name>
         <load_address>0x90b</load_address>
         <run_address>0x90b</run_address>
         <size>0x58</size>
         <input_file_ref idref="fl-7"/>
      </object_component>
      <object_component id="oc-f1">
         <name>.debug_abbrev</name>
         <load_address>0x963</load_address>
         <run_address>0x963</run_address>
         <size>0xa9</size>
         <input_file_ref idref="fl-7"/>
      </object_component>
      <object_component id="oc-162">
         <name>.debug_abbrev</name>
         <load_address>0xa0c</load_address>
         <run_address>0xa0c</run_address>
         <size>0x75</size>
         <input_file_ref idref="fl-8"/>
      </object_component>
      <object_component id="oc-160">
         <name>.debug_abbrev</name>
         <load_address>0xa81</load_address>
         <run_address>0xa81</run_address>
         <size>0x27</size>
         <input_file_ref idref="fl-8"/>
      </object_component>
      <object_component id="oc-f6">
         <name>.debug_abbrev</name>
         <load_address>0xaa8</load_address>
         <run_address>0xaa8</run_address>
         <size>0xa9</size>
         <input_file_ref idref="fl-8"/>
      </object_component>
      <object_component id="oc-105">
         <name>.debug_abbrev</name>
         <load_address>0xb51</load_address>
         <run_address>0xb51</run_address>
         <size>0x6c</size>
         <input_file_ref idref="fl-9"/>
      </object_component>
      <object_component id="oc-ca">
         <name>.debug_abbrev</name>
         <load_address>0xbbd</load_address>
         <run_address>0xbbd</run_address>
         <size>0x3e</size>
         <input_file_ref idref="fl-c3"/>
      </object_component>
      <object_component id="oc-11c">
         <name>.debug_abbrev</name>
         <load_address>0xbfb</load_address>
         <run_address>0xbfb</run_address>
         <size>0x5d</size>
         <input_file_ref idref="fl-c4"/>
      </object_component>
      <object_component id="oc-d2">
         <name>.debug_abbrev</name>
         <load_address>0xc58</load_address>
         <run_address>0xc58</run_address>
         <size>0x6f</size>
         <input_file_ref idref="fl-c4"/>
      </object_component>
      <object_component id="oc-d5">
         <name>.debug_abbrev</name>
         <load_address>0xcc7</load_address>
         <run_address>0xcc7</run_address>
         <size>0x24</size>
         <input_file_ref idref="fl-c4"/>
      </object_component>
      <object_component id="oc-119">
         <name>.debug_abbrev</name>
         <load_address>0xceb</load_address>
         <run_address>0xceb</run_address>
         <size>0x24</size>
         <input_file_ref idref="fl-c4"/>
      </object_component>
      <object_component id="oc-d0">
         <name>.debug_abbrev</name>
         <load_address>0xd0f</load_address>
         <run_address>0xd0f</run_address>
         <size>0x37</size>
         <input_file_ref idref="fl-c5"/>
      </object_component>
      <object_component id="oc-46">
         <name>.debug_abbrev</name>
         <load_address>0xd46</load_address>
         <run_address>0xd46</run_address>
         <size>0x74</size>
         <input_file_ref idref="fl-c5"/>
      </object_component>
      <object_component id="oc-49">
         <name>.debug_abbrev</name>
         <load_address>0xdba</load_address>
         <run_address>0xdba</run_address>
         <size>0x24</size>
         <input_file_ref idref="fl-c5"/>
      </object_component>
      <object_component id="oc-cd">
         <name>.debug_abbrev</name>
         <load_address>0xdde</load_address>
         <run_address>0xdde</run_address>
         <size>0x24</size>
         <input_file_ref idref="fl-c5"/>
      </object_component>
      <object_component id="oc-115">
         <name>.debug_abbrev</name>
         <load_address>0xe02</load_address>
         <run_address>0xe02</run_address>
         <size>0x37</size>
         <input_file_ref idref="fl-c6"/>
      </object_component>
      <object_component id="oc-36">
         <name>.debug_abbrev</name>
         <load_address>0xe39</load_address>
         <run_address>0xe39</run_address>
         <size>0x6f</size>
         <input_file_ref idref="fl-c6"/>
      </object_component>
      <object_component id="oc-39">
         <name>.debug_abbrev</name>
         <load_address>0xea8</load_address>
         <run_address>0xea8</run_address>
         <size>0x24</size>
         <input_file_ref idref="fl-c6"/>
      </object_component>
      <object_component id="oc-112">
         <name>.debug_abbrev</name>
         <load_address>0xecc</load_address>
         <run_address>0xecc</run_address>
         <size>0x35</size>
         <input_file_ref idref="fl-c6"/>
      </object_component>
      <object_component id="oc-c6">
         <name>.debug_abbrev</name>
         <load_address>0xf01</load_address>
         <run_address>0xf01</run_address>
         <size>0x24</size>
         <input_file_ref idref="fl-c6"/>
      </object_component>
      <object_component id="oc-71">
         <name>.debug_abbrev</name>
         <load_address>0xf25</load_address>
         <run_address>0xf25</run_address>
         <size>0x29</size>
         <input_file_ref idref="fl-c7"/>
      </object_component>
      <object_component id="oc-e8">
         <name>.debug_abbrev</name>
         <load_address>0xf4e</load_address>
         <run_address>0xf4e</run_address>
         <size>0x55</size>
         <input_file_ref idref="fl-c7"/>
      </object_component>
      <object_component id="oc-198">
         <name>.debug_abbrev</name>
         <load_address>0xfa3</load_address>
         <run_address>0xfa3</run_address>
         <size>0xc0</size>
         <input_file_ref idref="fl-c9"/>
      </object_component>
      <object_component id="oc-174">
         <name>.debug_abbrev</name>
         <load_address>0x1063</load_address>
         <run_address>0x1063</run_address>
         <size>0x7e</size>
         <input_file_ref idref="fl-c9"/>
      </object_component>
      <object_component id="oc-19c">
         <name>.debug_abbrev</name>
         <load_address>0x10e1</load_address>
         <run_address>0x10e1</run_address>
         <size>0x24</size>
         <input_file_ref idref="fl-c9"/>
      </object_component>
      <object_component id="oc-1b0">
         <name>.debug_abbrev</name>
         <load_address>0x1105</load_address>
         <run_address>0x1105</run_address>
         <size>0x24</size>
         <input_file_ref idref="fl-c9"/>
      </object_component>
      <object_component id="oc-1a1">
         <name>.debug_abbrev</name>
         <load_address>0x1129</load_address>
         <run_address>0x1129</run_address>
         <size>0x24</size>
         <input_file_ref idref="fl-c9"/>
      </object_component>
      <object_component id="oc-1a6">
         <name>.debug_abbrev</name>
         <load_address>0x114d</load_address>
         <run_address>0x114d</run_address>
         <size>0x4b</size>
         <input_file_ref idref="fl-c9"/>
      </object_component>
      <object_component id="oc-11f">
         <name>.debug_abbrev</name>
         <load_address>0x1198</load_address>
         <run_address>0x1198</run_address>
         <size>0x55</size>
         <input_file_ref idref="fl-ca"/>
      </object_component>
      <object_component id="oc-16a">
         <name>.debug_abbrev</name>
         <load_address>0x11ed</load_address>
         <run_address>0x11ed</run_address>
         <size>0x45</size>
         <input_file_ref idref="fl-cc"/>
      </object_component>
      <object_component id="oc-1ea">
         <name>.debug_abbrev</name>
         <load_address>0x1232</load_address>
         <run_address>0x1232</run_address>
         <size>0xf</size>
      </object_component>
      <object_component id="oc-c3">
         <name>.debug_str</name>
         <load_address>0x0</load_address>
         <run_address>0x0</run_address>
         <size>0x2d8</size>
         <input_file_ref idref="fl-1"/>
      </object_component>
      <object_component id="oc-40">
         <name>.debug_str</name>
         <load_address>0x2d8</load_address>
         <run_address>0x2d8</run_address>
         <size>0xff</size>
         <input_file_ref idref="fl-1"/>
      </object_component>
      <object_component id="oc-10e">
         <name>.debug_str</name>
         <load_address>0x3d7</load_address>
         <run_address>0x3d7</run_address>
         <size>0x36e</size>
         <input_file_ref idref="fl-1"/>
      </object_component>
      <object_component id="oc-ad">
         <name>.debug_str</name>
         <load_address>0x745</load_address>
         <run_address>0x745</run_address>
         <size>0x170</size>
         <input_file_ref idref="fl-1"/>
      </object_component>
      <object_component id="oc-101">
         <name>.debug_str</name>
         <load_address>0x8b5</load_address>
         <run_address>0x8b5</run_address>
         <size>0xe9</size>
         <input_file_ref idref="fl-2"/>
      </object_component>
      <object_component id="oc-b2">
         <name>.debug_str</name>
         <load_address>0x99e</load_address>
         <run_address>0x99e</run_address>
         <size>0xff</size>
         <input_file_ref idref="fl-2"/>
      </object_component>
      <object_component id="oc-b7">
         <name>.debug_str</name>
         <load_address>0xa9d</load_address>
         <run_address>0xa9d</run_address>
         <size>0x15d</size>
         <input_file_ref idref="fl-4"/>
      </object_component>
      <object_component id="oc-bc">
         <name>.debug_str</name>
         <load_address>0xbfa</load_address>
         <run_address>0xbfa</run_address>
         <size>0xfe</size>
         <input_file_ref idref="fl-4"/>
      </object_component>
      <object_component id="oc-d7">
         <name>.debug_str</name>
         <load_address>0xcf8</load_address>
         <run_address>0xcf8</run_address>
         <size>0x105</size>
         <input_file_ref idref="fl-c4"/>
      </object_component>
      <object_component id="oc-11b">
         <name>.debug_str</name>
         <load_address>0xdfd</load_address>
         <run_address>0xdfd</run_address>
         <size>0x140</size>
         <input_file_ref idref="fl-c4"/>
      </object_component>
      <object_component id="oc-4b">
         <name>.debug_str</name>
         <load_address>0xf3d</load_address>
         <run_address>0xf3d</run_address>
         <size>0x10b</size>
         <input_file_ref idref="fl-c5"/>
      </object_component>
      <object_component id="oc-cf">
         <name>.debug_str</name>
         <load_address>0x1048</load_address>
         <run_address>0x1048</run_address>
         <size>0x140</size>
         <input_file_ref idref="fl-c5"/>
      </object_component>
      <object_component id="oc-3b">
         <name>.debug_str</name>
         <load_address>0x1188</load_address>
         <run_address>0x1188</run_address>
         <size>0x118</size>
         <input_file_ref idref="fl-c6"/>
      </object_component>
      <object_component id="oc-114">
         <name>.debug_str</name>
         <load_address>0x12a0</load_address>
         <run_address>0x12a0</run_address>
         <size>0x16b</size>
         <input_file_ref idref="fl-c6"/>
      </object_component>
      <object_component id="oc-c8">
         <name>.debug_str</name>
         <load_address>0x140b</load_address>
         <run_address>0x140b</run_address>
         <size>0x158</size>
         <input_file_ref idref="fl-c6"/>
      </object_component>
      <object_component id="oc-19e">
         <name>.debug_str</name>
         <load_address>0x1563</load_address>
         <run_address>0x1563</run_address>
         <size>0xed</size>
         <input_file_ref idref="fl-c9"/>
      </object_component>
      <object_component id="oc-1b2">
         <name>.debug_str</name>
         <load_address>0x1650</load_address>
         <run_address>0x1650</run_address>
         <size>0x157</size>
         <input_file_ref idref="fl-c9"/>
      </object_component>
      <object_component id="oc-1a3">
         <name>.debug_str</name>
         <load_address>0x17a7</load_address>
         <run_address>0x17a7</run_address>
         <size>0x150</size>
         <input_file_ref idref="fl-c9"/>
      </object_component>
      <object_component id="oc-1a8">
         <name>.debug_str</name>
         <load_address>0x18f7</load_address>
         <run_address>0x18f7</run_address>
         <size>0x197</size>
         <input_file_ref idref="fl-c9"/>
      </object_component>
      <object_component id="oc-8f">
         <name>.debug_aranges</name>
         <load_address>0x0</load_address>
         <run_address>0x0</run_address>
         <size>0x20</size>
         <input_file_ref idref="fl-1"/>
      </object_component>
      <object_component id="oc-95">
         <name>.debug_aranges</name>
         <load_address>0x20</load_address>
         <run_address>0x20</run_address>
         <size>0xd8</size>
         <input_file_ref idref="fl-2"/>
      </object_component>
      <object_component id="oc-82">
         <name>.debug_aranges</name>
         <load_address>0xf8</load_address>
         <run_address>0xf8</run_address>
         <size>0x20</size>
         <input_file_ref idref="fl-3"/>
      </object_component>
      <object_component id="oc-2f">
         <name>.debug_aranges</name>
         <load_address>0x118</load_address>
         <run_address>0x118</run_address>
         <size>0x190</size>
         <input_file_ref idref="fl-4"/>
      </object_component>
      <object_component id="oc-a1">
         <name>.debug_aranges</name>
         <load_address>0x2a8</load_address>
         <run_address>0x2a8</run_address>
         <size>0x40</size>
         <input_file_ref idref="fl-5"/>
      </object_component>
      <object_component id="oc-29">
         <name>.debug_aranges</name>
         <load_address>0x2e8</load_address>
         <run_address>0x2e8</run_address>
         <size>0x30</size>
         <input_file_ref idref="fl-6"/>
      </object_component>
      <object_component id="oc-76">
         <name>.debug_aranges</name>
         <load_address>0x318</load_address>
         <run_address>0x318</run_address>
         <size>0x48</size>
         <input_file_ref idref="fl-7"/>
      </object_component>
      <object_component id="oc-7c">
         <name>.debug_aranges</name>
         <load_address>0x360</load_address>
         <run_address>0x360</run_address>
         <size>0x40</size>
         <input_file_ref idref="fl-8"/>
      </object_component>
      <object_component id="oc-9b">
         <name>.debug_aranges</name>
         <load_address>0x3a0</load_address>
         <run_address>0x3a0</run_address>
         <size>0x20</size>
         <input_file_ref idref="fl-9"/>
      </object_component>
      <object_component id="oc-42">
         <name>.debug_aranges</name>
         <load_address>0x3c0</load_address>
         <run_address>0x3c0</run_address>
         <size>0x20</size>
         <input_file_ref idref="fl-c3"/>
      </object_component>
      <object_component id="oc-4f">
         <name>.debug_aranges</name>
         <load_address>0x3e0</load_address>
         <run_address>0x3e0</run_address>
         <size>0x20</size>
         <input_file_ref idref="fl-c4"/>
      </object_component>
      <object_component id="oc-1f">
         <name>.debug_aranges</name>
         <load_address>0x400</load_address>
         <run_address>0x400</run_address>
         <size>0x20</size>
         <input_file_ref idref="fl-c5"/>
      </object_component>
      <object_component id="oc-18">
         <name>.debug_aranges</name>
         <load_address>0x420</load_address>
         <run_address>0x420</run_address>
         <size>0x20</size>
         <input_file_ref idref="fl-c6"/>
      </object_component>
      <object_component id="oc-62">
         <name>.debug_aranges</name>
         <load_address>0x440</load_address>
         <run_address>0x440</run_address>
         <size>0x20</size>
         <input_file_ref idref="fl-c7"/>
      </object_component>
      <object_component id="oc-12e">
         <name>.debug_aranges</name>
         <load_address>0x460</load_address>
         <run_address>0x460</run_address>
         <size>0x20</size>
         <input_file_ref idref="fl-c9"/>
      </object_component>
      <object_component id="oc-e1">
         <name>.debug_aranges</name>
         <load_address>0x480</load_address>
         <run_address>0x480</run_address>
         <size>0x20</size>
         <input_file_ref idref="fl-ca"/>
      </object_component>
      <object_component id="oc-123">
         <name>.debug_aranges</name>
         <load_address>0x4a0</load_address>
         <run_address>0x4a0</run_address>
         <size>0x20</size>
         <input_file_ref idref="fl-cc"/>
      </object_component>
      <object_component id="oc-90">
         <name>.debug_pubnames</name>
         <load_address>0x0</load_address>
         <run_address>0x0</run_address>
         <size>0x2d</size>
         <input_file_ref idref="fl-1"/>
      </object_component>
      <object_component id="oc-96">
         <name>.debug_pubnames</name>
         <load_address>0x2d</load_address>
         <run_address>0x2d</run_address>
         <size>0x24a</size>
         <input_file_ref idref="fl-2"/>
      </object_component>
      <object_component id="oc-83">
         <name>.debug_pubnames</name>
         <load_address>0x277</load_address>
         <run_address>0x277</run_address>
         <size>0x2c</size>
         <input_file_ref idref="fl-3"/>
      </object_component>
      <object_component id="oc-8a">
         <name>.debug_pubnames</name>
         <load_address>0x2a3</load_address>
         <run_address>0x2a3</run_address>
         <size>0x29</size>
         <input_file_ref idref="fl-4"/>
      </object_component>
      <object_component id="oc-87">
         <name>.debug_pubnames</name>
         <load_address>0x2cc</load_address>
         <run_address>0x2cc</run_address>
         <size>0x65</size>
         <input_file_ref idref="fl-4"/>
      </object_component>
      <object_component id="oc-a7">
         <name>.debug_pubnames</name>
         <load_address>0x331</load_address>
         <run_address>0x331</run_address>
         <size>0x1e</size>
         <input_file_ref idref="fl-4"/>
      </object_component>
      <object_component id="oc-30">
         <name>.debug_pubnames</name>
         <load_address>0x34f</load_address>
         <run_address>0x34f</run_address>
         <size>0x2ea</size>
         <input_file_ref idref="fl-4"/>
      </object_component>
      <object_component id="oc-a2">
         <name>.debug_pubnames</name>
         <load_address>0x639</load_address>
         <run_address>0x639</run_address>
         <size>0x65</size>
         <input_file_ref idref="fl-5"/>
      </object_component>
      <object_component id="oc-14">
         <name>.debug_pubnames</name>
         <load_address>0x69e</load_address>
         <run_address>0x69e</run_address>
         <size>0x23</size>
         <input_file_ref idref="fl-6"/>
      </object_component>
      <object_component id="oc-2a">
         <name>.debug_pubnames</name>
         <load_address>0x6c1</load_address>
         <run_address>0x6c1</run_address>
         <size>0x3f</size>
         <input_file_ref idref="fl-6"/>
      </object_component>
      <object_component id="oc-77">
         <name>.debug_pubnames</name>
         <load_address>0x700</load_address>
         <run_address>0x700</run_address>
         <size>0x6e</size>
         <input_file_ref idref="fl-7"/>
      </object_component>
      <object_component id="oc-f5">
         <name>.debug_pubnames</name>
         <load_address>0x76e</load_address>
         <run_address>0x76e</run_address>
         <size>0x1e</size>
         <input_file_ref idref="fl-8"/>
      </object_component>
      <object_component id="oc-7d">
         <name>.debug_pubnames</name>
         <load_address>0x78c</load_address>
         <run_address>0x78c</run_address>
         <size>0x4a</size>
         <input_file_ref idref="fl-8"/>
      </object_component>
      <object_component id="oc-9c">
         <name>.debug_pubnames</name>
         <load_address>0x7d6</load_address>
         <run_address>0x7d6</run_address>
         <size>0x26</size>
         <input_file_ref idref="fl-9"/>
      </object_component>
      <object_component id="oc-45">
         <name>.debug_pubnames</name>
         <load_address>0x7fc</load_address>
         <run_address>0x7fc</run_address>
         <size>0x1d</size>
         <input_file_ref idref="fl-c3"/>
      </object_component>
      <object_component id="oc-50">
         <name>.debug_pubnames</name>
         <load_address>0x819</load_address>
         <run_address>0x819</run_address>
         <size>0x2e</size>
         <input_file_ref idref="fl-c4"/>
      </object_component>
      <object_component id="oc-1e">
         <name>.debug_pubnames</name>
         <load_address>0x847</load_address>
         <run_address>0x847</run_address>
         <size>0x2b</size>
         <input_file_ref idref="fl-c5"/>
      </object_component>
      <object_component id="oc-17">
         <name>.debug_pubnames</name>
         <load_address>0x872</load_address>
         <run_address>0x872</run_address>
         <size>0x2b</size>
         <input_file_ref idref="fl-c6"/>
      </object_component>
      <object_component id="oc-26">
         <name>.debug_pubnames</name>
         <load_address>0x89d</load_address>
         <run_address>0x89d</run_address>
         <size>0x1e</size>
         <input_file_ref idref="fl-c7"/>
      </object_component>
      <object_component id="oc-63">
         <name>.debug_pubnames</name>
         <load_address>0x8bb</load_address>
         <run_address>0x8bb</run_address>
         <size>0x26</size>
         <input_file_ref idref="fl-c7"/>
      </object_component>
      <object_component id="oc-12f">
         <name>.debug_pubnames</name>
         <load_address>0x8e1</load_address>
         <run_address>0x8e1</run_address>
         <size>0x35</size>
         <input_file_ref idref="fl-c9"/>
      </object_component>
      <object_component id="oc-e2">
         <name>.debug_pubnames</name>
         <load_address>0x916</load_address>
         <run_address>0x916</run_address>
         <size>0x27</size>
         <input_file_ref idref="fl-ca"/>
      </object_component>
      <object_component id="oc-124">
         <name>.debug_pubnames</name>
         <load_address>0x93d</load_address>
         <run_address>0x93d</run_address>
         <size>0x1c</size>
         <input_file_ref idref="fl-cc"/>
      </object_component>
      <object_component id="oc-c0">
         <name>.debug_pubtypes</name>
         <load_address>0x0</load_address>
         <run_address>0x0</run_address>
         <size>0x25c</size>
         <input_file_ref idref="fl-1"/>
      </object_component>
      <object_component id="oc-3d">
         <name>.debug_pubtypes</name>
         <load_address>0x25c</load_address>
         <run_address>0x25c</run_address>
         <size>0xed</size>
         <input_file_ref idref="fl-1"/>
      </object_component>
      <object_component id="oc-10b">
         <name>.debug_pubtypes</name>
         <load_address>0x349</load_address>
         <run_address>0x349</run_address>
         <size>0x330</size>
         <input_file_ref idref="fl-1"/>
      </object_component>
      <object_component id="oc-aa">
         <name>.debug_pubtypes</name>
         <load_address>0x679</load_address>
         <run_address>0x679</run_address>
         <size>0xaa</size>
         <input_file_ref idref="fl-1"/>
      </object_component>
      <object_component id="oc-fe">
         <name>.debug_pubtypes</name>
         <load_address>0x723</load_address>
         <run_address>0x723</run_address>
         <size>0x25</size>
         <input_file_ref idref="fl-2"/>
      </object_component>
      <object_component id="oc-af">
         <name>.debug_pubtypes</name>
         <load_address>0x748</load_address>
         <run_address>0x748</run_address>
         <size>0xff</size>
         <input_file_ref idref="fl-2"/>
      </object_component>
      <object_component id="oc-b4">
         <name>.debug_pubtypes</name>
         <load_address>0x847</load_address>
         <run_address>0x847</run_address>
         <size>0x66</size>
         <input_file_ref idref="fl-4"/>
      </object_component>
      <object_component id="oc-b9">
         <name>.debug_pubtypes</name>
         <load_address>0x8ad</load_address>
         <run_address>0x8ad</run_address>
         <size>0x2f</size>
         <input_file_ref idref="fl-4"/>
      </object_component>
      <object_component id="oc-d4">
         <name>.debug_pubtypes</name>
         <load_address>0x8dc</load_address>
         <run_address>0x8dc</run_address>
         <size>0x48</size>
         <input_file_ref idref="fl-c4"/>
      </object_component>
      <object_component id="oc-118">
         <name>.debug_pubtypes</name>
         <load_address>0x924</load_address>
         <run_address>0x924</run_address>
         <size>0x1d</size>
         <input_file_ref idref="fl-c4"/>
      </object_component>
      <object_component id="oc-48">
         <name>.debug_pubtypes</name>
         <load_address>0x941</load_address>
         <run_address>0x941</run_address>
         <size>0x48</size>
         <input_file_ref idref="fl-c5"/>
      </object_component>
      <object_component id="oc-cc">
         <name>.debug_pubtypes</name>
         <load_address>0x989</load_address>
         <run_address>0x989</run_address>
         <size>0x1d</size>
         <input_file_ref idref="fl-c5"/>
      </object_component>
      <object_component id="oc-38">
         <name>.debug_pubtypes</name>
         <load_address>0x9a6</load_address>
         <run_address>0x9a6</run_address>
         <size>0x5d</size>
         <input_file_ref idref="fl-c6"/>
      </object_component>
      <object_component id="oc-111">
         <name>.debug_pubtypes</name>
         <load_address>0xa03</load_address>
         <run_address>0xa03</run_address>
         <size>0x48</size>
         <input_file_ref idref="fl-c6"/>
      </object_component>
      <object_component id="oc-c5">
         <name>.debug_pubtypes</name>
         <load_address>0xa4b</load_address>
         <run_address>0xa4b</run_address>
         <size>0x35</size>
         <input_file_ref idref="fl-c6"/>
      </object_component>
      <object_component id="oc-19b">
         <name>.debug_pubtypes</name>
         <load_address>0xa80</load_address>
         <run_address>0xa80</run_address>
         <size>0x32</size>
         <input_file_ref idref="fl-c9"/>
      </object_component>
      <object_component id="oc-1af">
         <name>.debug_pubtypes</name>
         <load_address>0xab2</load_address>
         <run_address>0xab2</run_address>
         <size>0x30</size>
         <input_file_ref idref="fl-c9"/>
      </object_component>
      <object_component id="oc-1a0">
         <name>.debug_pubtypes</name>
         <load_address>0xae2</load_address>
         <run_address>0xae2</run_address>
         <size>0x2c</size>
         <input_file_ref idref="fl-c9"/>
      </object_component>
      <object_component id="oc-1a5">
         <name>.debug_pubtypes</name>
         <load_address>0xb0e</load_address>
         <run_address>0xb0e</run_address>
         <size>0x50</size>
         <input_file_ref idref="fl-c9"/>
      </object_component>
   </object_component_list>
   <logical_group_list>
      <logical_group id="lg-3" display="no" color="cyan">
         <name>.intvecs</name>
         <load_address>0x0</load_address>
         <run_address>0x0</run_address>
         <size>0x26c</size>
         <contents>
            <object_component_ref idref="oc-12"/>
         </contents>
      </logical_group>
      <logical_group id="lg-4" display="no" color="cyan">
         <name>.text</name>
         <load_address>0x26c</load_address>
         <run_address>0x26c</run_address>
         <size>0x2d70</size>
         <contents>
            <object_component_ref idref="oc-2d"/>
            <object_component_ref idref="oc-93"/>
            <object_component_ref idref="oc-9f"/>
            <object_component_ref idref="oc-7a"/>
            <object_component_ref idref="oc-80"/>
            <object_component_ref idref="oc-74"/>
            <object_component_ref idref="oc-41"/>
            <object_component_ref idref="oc-15"/>
            <object_component_ref idref="oc-12c"/>
            <object_component_ref idref="oc-5f"/>
            <object_component_ref idref="oc-99"/>
            <object_component_ref idref="oc-4d"/>
            <object_component_ref idref="oc-8d"/>
            <object_component_ref idref="oc-1b"/>
            <object_component_ref idref="oc-27"/>
            <object_component_ref idref="oc-df"/>
            <object_component_ref idref="oc-120"/>
         </contents>
      </logical_group>
      <logical_group id="lg-5" display="no" color="cyan">
         <name>.const</name>
         <load_address>0x2fe0</load_address>
         <run_address>0x2fe0</run_address>
         <size>0x150</size>
         <contents>
            <object_component_ref idref="oc-a5"/>
            <object_component_ref idref="oc-f3"/>
         </contents>
      </logical_group>
      <logical_group id="lg-6" display="no" color="cyan">
         <name>.cinit</name>
         <load_address>0x3130</load_address>
         <run_address>0x3130</run_address>
         <size>0x38</size>
         <contents>
            <object_component_ref idref="oc-1e5"/>
            <object_component_ref idref="oc-1e3"/>
            <object_component_ref idref="oc-1e6"/>
            <object_component_ref idref="oc-1e4"/>
         </contents>
      </logical_group>
      <logical_group id="lg-7" display="no" color="cyan">
         <name>.pinit</name>
         <run_address>0x0</run_address>
         <size>0x0</size>
         <contents>
         </contents>
      </logical_group>
      <logical_group id="lg-8" display="no" color="cyan">
         <name>.init_array</name>
         <run_address>0x0</run_address>
         <size>0x0</size>
         <contents>
         </contents>
      </logical_group>
      <logical_group id="lg-9" display="no" color="cyan">
         <name>.vtable</name>
         <run_address>0x0</run_address>
         <size>0x0</size>
         <contents>
         </contents>
      </logical_group>
      <logical_group id="lg-a" display="no" color="cyan">
         <name>.data</name>
         <run_address>0x20000580</run_address>
         <size>0x10</size>
         <contents>
            <object_component_ref idref="oc-85"/>
         </contents>
      </logical_group>
      <logical_group id="lg-b" display="no" color="cyan">
         <name>.bss</name>
         <run_address>0x20000000</run_address>
         <size>0x380</size>
         <contents>
            <object_component_ref idref="oc-8b"/>
            <object_component_ref idref="oc-8c"/>
            <object_component_ref idref="oc-88"/>
         </contents>
      </logical_group>
      <logical_group id="lg-c" display="no" color="cyan">
         <name>.sysmem</name>
         <run_address>0x0</run_address>
         <size>0x0</size>
         <contents>
         </contents>
      </logical_group>
      <logical_group id="lg-d" display="no" color="cyan">
         <name>.stack</name>
         <run_address>0x20000380</run_address>
         <size>0x200</size>
         <contents>
[...]
         <name>selectPinOpenDrainOutput</name>
         <value>0x20d3</value>
         <object_component_ref idref="oc-93"/>
      </symbol>
      <symbol id="sm-d1">
         <name>selectPinInterruptLowLevel</name>
         <value>0x251b</value>
         <object_component_ref idref="oc-93"/>
      </symbol>
      <symbol id="sm-d2">
         <name>setPortValue</name>
         <value>0x2621</value>
         <object_component_ref idref="oc-93"/>
      </symbol>
      <symbol id="sm-d3">
         <name>enablePinInterrupt</name>
         <value>0x2555</value>
         <object_component_ref idref="oc-93"/>
      </symbol>
      <symbol id="sm-d4">
         <name>setPinAuxFunction</name>
         <value>0x22d9</value>
         <object_component_ref idref="oc-93"/>
      </symbol>
      <symbol id="sm-d5">
         <name>enablePort</name>
         <value>0x1f49</value>
         <object_component_ref idref="oc-93"/>
      </symbol>
      <symbol id="sm-d6">
         <name>disablePinPulldown</name>
         <value>0x22b1</value>
         <object_component_ref idref="oc-93"/>
      </symbol>
      <symbol id="sm-d7">
         <name>setPinCommitControl</name>
         <value>0x21bf</value>
         <object_component_ref idref="oc-93"/>
      </symbol>
      <symbol id="sm-d8">
         <name>disablePort</name>
         <value>0x2005</value>
         <object_component_ref idref="oc-93"/>
      </symbol>
      <symbol id="sm-d9">
         <name>disablePinInterrupt</name>
         <value>0x2579</value>
         <object_component_ref idref="oc-93"/>
      </symbol>
      <symbol id="sm-da">
         <name>enablePinPullup</name>
         <value>0x223b</value>
         <object_component_ref idref="oc-93"/>
      </symbol>
      <symbol id="sm-db">
         <name>getPinValue</name>
         <value>0x25e7</value>
         <object_component_ref idref="oc-93"/>
      </symbol>
      <symbol id="sm-dc">
         <name>enablePinPulldown</name>
         <value>0x228d</value>
         <object_component_ref idref="oc-93"/>
      </symbol>
      <symbol id="sm-dd">
         <name>disablePinPullup</name>
         <value>0x2269</value>
         <object_component_ref idref="oc-93"/>
      </symbol>
      <symbol id="sm-de">
         <name>selectPinDigitalInput</name>
         <value>0x2121</value>
         <object_component_ref idref="oc-93"/>
      </symbol>
      <symbol id="sm-df">
         <name>selectPinInterruptRisingEdge</name>
         <value>0x23eb</value>
         <object_component_ref idref="oc-93"/>
      </symbol>
      <symbol id="sm-e0">
         <name>setPinValue</name>
         <value>0x25c1</value>
         <object_component_ref idref="oc-93"/>
      </symbol>
      <symbol id="sm-ef">
         <name>svcPost</name>
         <value>0x2c91</value>
         <object_component_ref idref="oc-80"/>
      </symbol>
      <symbol id="sm-f0">
         <name>pushContext</name>
         <value>0x2bbb</value>
         <object_component_ref idref="oc-80"/>
      </symbol>
      <symbol id="sm-f1">
         <name>svcWait</name>
         <value>0x2c8d</value>
         <object_component_ref idref="oc-80"/>
      </symbol>
      <symbol id="sm-f2">
         <name>svcKill</name>
         <value>0x2cb9</value>
         <object_component_ref idref="oc-80"/>
      </symbol>
      <symbol id="sm-f3">
         <name>svcChangePreemption</name>
         <value>0x2cbd</value>
         <object_component_ref idref="oc-80"/>
      </symbol>
      <symbol id="sm-f4">
         <name>svcPID</name>
         <value>0x2cad</value>
         <object_component_ref idref="oc-80"/>
      </symbol>
      <symbol id="sm-f5">
         <name>setPrivilegeOff</name>
         <value>0x2ba9</value>
         <object_component_ref idref="oc-80"/>
      </symbol>
      <symbol id="sm-f6">
         <name>svcPS</name>
         <value>0x2ca1</value>
         <object_component_ref idref="oc-80"/>
      </symbol>
      <symbol id="sm-f7">
         <name>svcIPCS</name>
         <value>0x2c9d</value>
         <object_component_ref idref="oc-80"/>
      </symbol>
      <symbol id="sm-f8">
         <name>svcChangeSchedule</name>
         <value>0x2ca5</value>
         <object_component_ref idref="oc-80"/>
      </symbol>
      <symbol id="sm-f9">
         <name>svcPMAP</name>
         <value>0x2cb1</value>
         <object_component_ref idref="oc-80"/>
      </symbol>
      <symbol id="sm-fa">
         <name>svcMalloc</name>
         <value>0x2c95</value>
         <object_component_ref idref="oc-80"/>
      </symbol>
      <symbol id="sm-fb">
         <name>svcYield</name>
         <value>0x2c85</value>
         <object_component_ref idref="oc-80"/>
      </symbol>
      <symbol id="sm-fc">
         <name>svcPidOf</name>
         <value>0x2cb5</value>
         <object_component_ref idref="oc-80"/>
      </symbol>
      <symbol id="sm-fd">
         <name>getMSP</name>
         <value>0x2ba3</value>
         <object_component_ref idref="oc-80"/>
      </symbol>
      <symbol id="sm-fe">
         <name>thatDummyStack</name>
         <value>0x2c3f</value>
         <object_component_ref idref="oc-80"/>
      </symbol>
      <symbol id="sm-ff">
         <name>svcReboot</name>
         <value>0x2c99</value>
         <object_component_ref idref="oc-80"/>
      </symbol>
      <symbol id="sm-100">
         <name>svcSleep</name>
         <value>0x2c89</value>
         <object_component_ref idref="oc-80"/>
      </symbol>
      <symbol id="sm-101">
         <name>setASPBit</name>
         <value>0x2b81</value>
         <object_component_ref idref="oc-80"/>
      </symbol>
      <symbol id="sm-102">
         <name>svcSetThreadPriority</name>
         <value>0x2ca9</value>
         <object_component_ref idref="oc-80"/>
      </symbol>
      <symbol id="sm-103">
         <name>popContext</name>
         <value>0x2bfd</value>
         <object_component_ref idref="oc-80"/>
      </symbol>
      <symbol id="sm-104">
         <name>getPSP</name>
         <value>0x2b9d</value>
         <object_component_ref idref="oc-80"/>
      </symbol>
      <symbol id="sm-105">
         <name>setPSP</name>
         <value>0x2b93</value>
         <object_component_ref idref="oc-80"/>
      </symbol>
      <symbol id="sm-2db">
         <name>semaphores</name>
         <value>0x20000300</value>
      </symbol>
      <symbol id="sm-2dc">
         <name>tcb</name>
         <value>0x20000000</value>
      </symbol>
      <symbol id="sm-2dd">
         <name>usageFaultIsr</name>
         <value>0x1099</value>
         <object_component_ref idref="oc-2d"/>
      </symbol>
      <symbol id="sm-2de">
         <name>dumpRegisters</name>
         <value>0x38d</value>
         <object_component_ref idref="oc-2d"/>
      </symbol>
      <symbol id="sm-2df">
         <name>idle2</name>
         <value>0x1769</value>
         <object_component_ref idref="oc-2d"/>
      </symbol>
      <symbol id="sm-2e0">
         <name>initHw</name>
         <value>0x14db</value>
         <object_component_ref idref="oc-2d"/>
      </symbol>
      <symbol id="sm-2e1">
         <name>priorityFlag</name>
         <value>0x20000581</value>
         <object_component_ref idref="oc-85"/>
      </symbol>
      <symbol id="sm-2e2">
         <name>initRtos</name>
         <value>0x421</value>
         <object_component_ref idref="oc-2d"/>
      </symbol>
      <symbol id="sm-2e3">
         <name>busFaultIsr</name>
         <value>0x1059</value>
         <object_component_ref idref="oc-2d"/>
      </symbol>
      <symbol id="sm-2e4">
         <name>flash4Hz</name>
         <value>0x178d</value>
         <object_component_ref idref="oc-2d"/>
      </symbol>
      <symbol id="sm-2e5">
         <name>enableFaultHandlers</name>
         <value>0x32f</value>
         <object_component_ref idref="oc-2d"/>
      </symbol>
      <symbol id="sm-2e6">
         <name>setupSramAccess</name>
         <value>0x2d1</value>
         <object_component_ref idref="oc-2d"/>
      </symbol>
      <symbol id="sm-2e7">
         <name>pendSvIsr</name>
         <value>0x975</value>
         <object_component_ref idref="oc-2d"/>
      </symbol>
      <symbol id="sm-2e8">
         <name>rtosScheduler</name>
         <value>0x4bd</value>
         <object_component_ref idref="oc-2d"/>
      </symbol>
      <symbol id="sm-2e9">
         <name>taskCount</name>
         <value>0x2000058d</value>
         <object_component_ref idref="oc-85"/>
      </symbol>
      <symbol id="sm-2ea">
         <name>idle</name>
         <value>0x1745</value>
         <object_component_ref idref="oc-2d"/>
      </symbol>
      <symbol id="sm-2eb">
         <name>readKeys</name>
         <value>0x1875</value>
         <object_component_ref idref="oc-2d"/>
      </symbol>
      <symbol id="sm-2ec">
         <name>stopThread</name>
         <value>0x7fd</value>
         <object_component_ref idref="oc-2d"/>
      </symbol>
      <symbol id="sm-2ed">
         <name>initMpu</name>
         <value>0x407</value>
         <object_component_ref idref="oc-2d"/>
      </symbol>
      <symbol id="sm-2ee">
         <name>systickIsr</name>
         <value>0x8f9</value>
         <object_component_ref idref="oc-2d"/>
      </symbol>
      <symbol id="sm-2ef">
         <name>getData</name>
         <value>0x15eb</value>
         <object_component_ref idref="oc-2d"/>
      </symbol>
      <symbol id="sm-2f0">
         <name>calculateSubregionMask</name>
         <value>0x161f</value>
         <object_component_ref idref="oc-2d"/>
      </symbol>
      <symbol id="sm-2f1">
         <name>allowFlashAccess</name>
         <value>0x2bd</value>
         <object_component_ref idref="oc-2d"/>
      </symbol>
      <symbol id="sm-2f2">
         <name>preemptionFlag</name>
         <value>0x20000580</value>
         <object_component_ref idref="oc-85"/>
      </symbol>
      <symbol id="sm-2f3">
         <name>restartThread</name>
         <value>0x7f3</value>
         <object_component_ref idref="oc-2d"/>
      </symbol>
      <symbol id="sm-2f4">
         <name>brk</name>
         <value>0x20000584</value>
         <object_component_ref idref="oc-85"/>
      </symbol>
      <symbol id="sm-2f5">
         <name>heap</name>
         <value>0x20000588</value>
         <object_component_ref idref="oc-85"/>
      </symbol>
      <symbol id="sm-2f6">
         <name>main</name>
         <value>0x1cd5</value>
         <object_component_ref idref="oc-2d"/>
      </symbol>
      <symbol id="sm-2f7">
         <name>hardFaultIsr</name>
         <value>0x101d</value>
         <object_component_ref idref="oc-2d"/>
      </symbol>
      <symbol id="sm-2f8">
         <name>shell</name>
         <value>0x19dd</value>
         <object_component_ref idref="oc-2d"/>
      </symbol>
      <symbol id="sm-2f9">
         <name>debounce</name>
         <value>0x1923</value>
         <object_component_ref idref="oc-2d"/>
      </symbol>
      <symbol id="sm-2fa">
         <name>createSemaphore</name>
         <value>0x825</value>
         <object_component_ref idref="oc-2d"/>
      </symbol>
      <symbol id="sm-2fb">
         <name>partOfLengthyFn</name>
         <value>0x17e1</value>
         <object_component_ref idref="oc-2d"/>
      </symbol>
      <symbol id="sm-2fc">
         <name>alloc</name>
         <value>0x26d</value>
         <object_component_ref idref="oc-2d"/>
      </symbol>
      <symbol id="sm-2fd">
         <name>setupBackgroundRegion</name>
         <value>0x31b</value>
         <object_component_ref idref="oc-2d"/>
      </symbol>
      <symbol id="sm-2fe">
         <name>oneshot</name>
         <value>0x17bb</value>
         <object_component_ref idref="oc-2d"/>
      </symbol>
      <symbol id="sm-2ff">
         <name>readPbs</name>
         <value>0x1591</value>
         <object_component_ref idref="oc-2d"/>
      </symbol>
      <symbol id="sm-300">
         <name>printOffendingInstruction</name>
         <value>0x37b</value>
         <object_component_ref idref="oc-2d"/>
      </symbol>
      <symbol id="sm-301">
         <name>wait</name>
         <value>0x8e1</value>
         <object_component_ref idref="oc-2d"/>
      </symbol>
      <symbol id="sm-302">
         <name>svCallIsr</name>
         <value>0xb05</value>
         <object_component_ref idref="oc-2d"/>
      </symbol>
      <symbol id="sm-303">
         <name>accessWindow</name>
         <value>0x1689</value>
         <object_component_ref idref="oc-2d"/>
      </symbol>
      <symbol id="sm-304">
         <name>taskCurrent</name>
         <value>0x2000058c</value>
         <object_component_ref idref="oc-85"/>
      </symbol>
      <symbol id="sm-305">
         <name>errant</name>
         <value>0x1975</value>
         <object_component_ref idref="oc-2d"/>
      </symbol>
      <symbol id="sm-306">
         <name>post</name>
         <value>0x8ed</value>
         <object_component_ref idref="oc-2d"/>
      </symbol>
      <symbol id="sm-307">
         <name>mallocFromHeap</name>
         <value>0x2b3</value>
         <object_component_ref idref="oc-2d"/>
      </symbol>
      <symbol id="sm-308">
         <name>uncooperative</name>
         <value>0x1965</value>
         <object_component_ref idref="oc-2d"/>
      </symbol>
      <symbol id="sm-309">
         <name>hardFaultStat</name>
         <value>0x34d</value>
         <object_component_ref idref="oc-2d"/>
      </symbol>
      <symbol id="sm-30a">
         <name>startRtos</name>
         <value>0x869</value>
         <object_component_ref idref="oc-2d"/>
      </symbol>
      <symbol id="sm-30b">
         <name>important</name>
         <value>0x1993</value>
         <object_component_ref idref="oc-2d"/>
      </symbol>
      <symbol id="sm-30c">
         <name>setThreadPriority</name>
         <value>0x80d</value>
         <object_component_ref idref="oc-2d"/>
      </symbol>
      <symbol id="sm-30d">
         <name>createThread</name>
         <value>0x6c5</value>
         <object_component_ref idref="oc-2d"/>
      </symbol>
      <symbol id="sm-30e">
         <name>lengthyFn</name>
         <value>0x1805</value>
         <object_component_ref idref="oc-2d"/>
      </symbol>
      <symbol id="sm-30f">
         <name>mpuFaultIsr</name>
         <value>0xf2d</value>
         <object_component_ref idref="oc-2d"/>
      </symbol>
      <symbol id="sm-310">
         <name>yield</name>
         <value>0x8cf</value>
         <object_component_ref idref="oc-2d"/>
      </symbol>
      <symbol id="sm-311">
         <name>sleep</name>
         <value>0x8d7</value>
         <object_component_ref idref="oc-2d"/>
      </symbol>
      <symbol id="sm-33a">
         <name>isCommand</name>
         <value>0x2933</value>
         <object_component_ref idref="oc-9f"/>
      </symbol>
      <symbol id="sm-33b">
         <name>getFieldString</name>
         <value>0x28cd</value>
         <object_component_ref idref="oc-9f"/>
      </symbol>
      <symbol id="sm-33c">
         <name>parseFields</name>
         <value>0x27af</value>
         <object_component_ref idref="oc-9f"/>
      </symbol>
      <symbol id="sm-33d">
         <name>getFieldInteger</name>
         <value>0x28f9</value>
         <object_component_ref idref="oc-9f"/>
      </symbol>
      <symbol id="sm-33e">
         <name>getsUart0</name>
         <value>0x272d</value>
         <object_component_ref idref="oc-9f"/>
      </symbol>
      <symbol id="sm-357">
         <name>ResetISR</name>
         <value>0x2fcb</value>
         <object_component_ref idref="oc-27"/>
      </symbol>
      <symbol id="sm-358">
         <name>g_pfnVectors</name>
         <value>0x0</value>
         <object_component_ref idref="oc-12"/>
      </symbol>
      <symbol id="sm-37c">
         <name>getcUart0</name>
         <value>0x2d97</value>
         <object_component_ref idref="oc-74"/>
      </symbol>
      <symbol id="sm-37d">
         <name>kbhitUart0</name>
         <value>0x2db3</value>
         <object_component_ref idref="oc-74"/>
      </symbol>
      <symbol id="sm-37e">
         <name>setUart0BaudRate</name>
         <value>0x2d0b</value>
         <object_component_ref idref="oc-74"/>
      </symbol>
      <symbol id="sm-37f">
         <name>putsUart0</name>
         <value>0x2d6b</value>
         <object_component_ref idref="oc-74"/>
      </symbol>
      <symbol id="sm-380">
         <name>initUart0</name>
         <value>0x2cc1</value>
         <object_component_ref idref="oc-74"/>
      </symbol>
      <symbol id="sm-381">
         <name>putcUart0</name>
         <value>0x2d4f</value>
         <object_component_ref idref="oc-74"/>
      </symbol>
      <symbol id="sm-3ae">
         <name>strCmp</name>
         <value>0x2b1b</value>
         <object_component_ref idref="oc-7a"/>
      </symbol>
      <symbol id="sm-3af">
         <name>strncpy</name>
         <value>0x2965</value>
         <object_component_ref idref="oc-7a"/>
      </symbol>
      <symbol id="sm-3b0">
         <name>itoa_s</name>
         <value>0x2a43</value>
         <object_component_ref idref="oc-7a"/>
      </symbol>
      <symbol id="sm-3b1">
         <name>itoa_h</name>
         <value>0x29bb</value>
         <object_component_ref idref="oc-7a"/>
      </symbol>
      <symbol id="sm-3b2">
         <name>r_atoi</name>
         <value>0x2ae9</value>
         <object_component_ref idref="oc-7a"/>
      </symbol>
      <symbol id="sm-3c0">
         <name>waitMicrosecond</name>
         <value>0x2f6d</value>
         <object_component_ref idref="oc-99"/>
      </symbol>
      <symbol id="sm-3db">
         <name>memcpy</name>
         <value>0x2df1</value>
         <object_component_ref idref="oc-41"/>
      </symbol>
      <symbol id="sm-3dc">
         <name>__aeabi_memcpy</name>
         <value>0x2df1</value>
         <object_component_ref idref="oc-41"/>
      </symbol>
      <symbol id="sm-3dd">
         <name>__aeabi_memcpy8</name>
         <value>0x2df1</value>
         <object_component_ref idref="oc-41"/>
      </symbol>
      <symbol id="sm-3de">
         <name>__aeabi_memcpy4</name>
         <value>0x2df1</value>
         <object_component_ref idref="oc-41"/>
      </symbol>
      <symbol id="sm-3f7">
         <name>__TI_zero_init_nomemset</name>
         <value>0x2f91</value>
         <object_component_ref idref="oc-4d"/>
      </symbol>
      <symbol id="sm-40e">
         <name>__TI_decompress_none</name>
         <value>0x2fbd</value>
         <object_component_ref idref="oc-1b"/>
      </symbol>
      <symbol id="sm-431">
         <name>__TI_decompress_lzss</name>
         <value>0x2e8d</value>
         <object_component_ref idref="oc-15"/>
      </symbol>
      <symbol id="sm-444">
         <name>__stack</name>
         <value>0x20000380</value>
         <object_component_ref idref="oc-24"/>
      </symbol>
      <symbol id="sm-445">
         <name>_c_int00_noargs</name>
         <value>0x2f39</value>
         <object_component_ref idref="oc-5f"/>
      </symbol>
      <symbol id="sm-46e">
         <name>__TI_auto_init_nobinit_nopinit</name>
         <value>0x2ef5</value>
         <object_component_ref idref="oc-12c"/>
      </symbol>
      <symbol id="sm-478">
         <name>_system_pre_init</name>
         <value>0x2fd5</value>
         <object_component_ref idref="oc-df"/>
      </symbol>
      <symbol id="sm-484">
         <name>C$$EXIT</name>
         <value>0x2fd9</value>
         <object_component_ref idref="oc-120"/>
      </symbol>
      <symbol id="sm-485">
         <name>abort</name>
         <value>0x2fd9</value>
         <object_component_ref idref="oc-120"/>
      </symbol>
      <symbol id="sm-488">
         <name>__TI_static_base__</name>
         <value>0x0</value>
      </symbol>
      <symbol id="sm-48b">
         <name>__mpu_init</name>
         <value>0x0</value>
      </symbol>
      <symbol id="sm-48c">
         <name>_system_post_cinit</name>
         <value>0x0</value>
      </symbol>
   </symbol_table>
   <title>Link successful</title>
</link_info>
